  Shared.Kernel -> C:\Users\Borna\Desktop\Project\ProductionGradeETicketBooking\ETicketBooking\Shared.Kernel\bin\Debug\net10.0\Shared.Kernel.dll
  Booking.Domain -> C:\Users\Borna\Desktop\Project\ProductionGradeETicketBooking\ETicketBooking\Src\Services\Booking\Booking.Domain\bin\Debug\net10.0\Booking.Domain.dll
  Identity.Domain -> C:\Users\Borna\Desktop\Project\ProductionGradeETicketBooking\ETicketBooking\Identity.Domain\bin\Debug\net10.0\Identity.Domain.dll
  Identity.Application -> C:\Users\Borna\Desktop\Project\ProductionGradeETicketBooking\ETicketBooking\Identity.Application\bin\Debug\net10.0\Identity.Application.dll
C:\Users\Borna\Desktop\Project\ProductionGradeETicketBooking\ETicketBooking\Src\Services\Booking\Booking.Application\Features\SeatCategories\Commands\ApplyDiscountCommand\ApplyDiscountCommandHandler.cs(6,21): error CS0311: The type 'Booking.Application.Features.SeatCategories.Commands.ApplyDiscountCommand.ApplyDiscountCommand' cannot be used as type parameter 'TRequest' in the generic type or method 'IRequestHandler<TRequest, TResponse>'. There is no implicit reference conversion from 'Booking.Application.Features.SeatCategories.Commands.ApplyDiscountCommand.ApplyDiscountCommand' to 'Mediator.IRequest<Shared.Kernel.Domain.Abstractions.Response<Booking.Application.Features.SeatCategories.Common.SeatCategoryResponse>>'. [C:\Users\Borna\Desktop\Project\ProductionGradeETicketBooking\ETicketBooking\Src\Services\Booking\Booking.Application\Booking.Application.csproj]
C:\Users\Borna\Desktop\Project\ProductionGradeETicketBooking\ETicketBooking\Src\Services\Booking\Booking.Application\Features\SeatCategories\Commands\CreateSeatCategory\CreateSeatCategoryCommand.cs(4,7): warning CS0105: The using directive for 'Booking.Application.Features.SeatCategories.Common' appeared previously in this namespace [C:\Users\Borna\Desktop\Project\ProductionGradeETicketBooking\ETicketBooking\Src\Services\Booking\Booking.Application\Booking.Application.csproj]
C:\Users\Borna\Desktop\Project\ProductionGradeETicketBooking\ETicketBooking\Src\Services\Booking\Booking.Application\Features\SeatCategories\Commands\CreateSeatCategory\CreateSeatCategoryCommandHandler.cs(7,21): error CS0311: The type 'Booking.Application.Features.SeatCategories.Commands.CreateSeatCategory.CreateSeatCategoryCommand' cannot be used as type parameter 'TRequest' in the generic type or method 'IRequestHandler<TRequest, TResponse>'. There is no implicit reference conversion from 'Booking.Application.Features.SeatCategories.Commands.CreateSeatCategory.CreateSeatCategoryCommand' to 'Mediator.IRequest<Shared.Kernel.Domain.Abstractions.Response<Booking.Application.Features.SeatCategories.Common.SeatCategoryResponse>>'. [C:\Users\Borna\Desktop\Project\ProductionGradeETicketBooking\ETicketBooking\Src\Services\Booking\Booking.Application\Booking.Application.csproj]
C:\Users\Borna\Desktop\Project\ProductionGradeETicketBooking\ETicketBooking\Src\Services\Booking\Booking.Application\Features\SeatCategories\Commands\UpdateBasePriceCommand\UpdateBasePriceCommandHandler.cs(6,21): error CS0311: The type 'Booking.Application.Features.SeatCategories.Commands.UpdateBasePriceCommand.UpdateBasePriceCommand' cannot be used as type parameter 'TRequest' in the generic type or method 'IRequestHandler<TRequest, TResponse>'. There is no implicit reference conversion from 'Booking.Application.Features.SeatCategories.Commands.UpdateBasePriceCommand.UpdateBasePriceCommand' to 'Mediator.IRequest<Shared.Kernel.Domain.Abstractions.Response<Booking.Application.Features.SeatCategories.Common.SeatCategoryResponse>>'. [C:\Users\Borna\Desktop\Project\ProductionGradeETicketBooking\ETicketBooking\Src\Services\Booking\Booking.Application\Booking.Application.csproj]
C:\Users\Borna\Desktop\Project\ProductionGradeETicketBooking\ETicketBooking\Src\Services\Booking\Booking.Application\Features\SeatCategories\Queries\GetAllSeatCategories\GetAllSeatCategoriesQueryHandler.cs(6,21): error CS0311: The type 'Booking.Application.Features.SeatCategories.Queries.GetAllSeatCategories.GetAllSeatCategoriesQuery' cannot be used as type parameter 'TRequest' in the generic type or method 'IRequestHandler<TRequest, TResponse>'. There is no implicit reference conversion from 'Booking.Application.Features.SeatCategories.Queries.GetAllSeatCategories.GetAllSeatCategoriesQuery' to 'Mediator.IRequest<Shared.Kernel.Domain.Abstractions.Response<System.Collections.Generic.List<Booking.Application.Features.SeatCategories.Common.SeatCategoryResponse>>>'. [C:\Users\Borna\Desktop\Project\ProductionGradeETicketBooking\ETicketBooking\Src\Services\Booking\Booking.Application\Booking.Application.csproj]
C:\Users\Borna\Desktop\Project\ProductionGradeETicketBooking\ETicketBooking\Src\Services\Booking\Booking.Application\Features\SeatCategories\Queries\GetSeatCategoryById\GetSeatCategoryByIdQueryHandler.cs(6,21): error CS0311: The type 'Booking.Application.Features.SeatCategories.Queries.GetSeatCategoryById.GetSeatCategoryByIdQuery' cannot be used as type parameter 'TRequest' in the generic type or method 'IRequestHandler<TRequest, TResponse>'. There is no implicit reference conversion from 'Booking.Application.Features.SeatCategories.Queries.GetSeatCategoryById.GetSeatCategoryByIdQuery' to 'Mediator.IRequest<Shared.Kernel.Domain.Abstractions.Response<Booking.Application.Features.SeatCategories.Common.SeatCategoryResponse>>'. [C:\Users\Borna\Desktop\Project\ProductionGradeETicketBooking\ETicketBooking\Src\Services\Booking\Booking.Application\Booking.Application.csproj]
  Identity.Infrastructure -> C:\Users\Borna\Desktop\Project\ProductionGradeETicketBooking\ETicketBooking\Identity.Infrastructure\bin\Debug\net10.0\Identity.Infrastructure.dll
  Identity.API -> C:\Users\Borna\Desktop\Project\ProductionGradeETicketBooking\ETicketBooking\Identity.API\bin\Debug\net10.0\Identity.API.dll

Build FAILED.

C:\Users\Borna\Desktop\Project\ProductionGradeETicketBooking\ETicketBooking\Src\Services\Booking\Booking.Application\Features\SeatCategories\Commands\CreateSeatCategory\CreateSeatCategoryCommand.cs(4,7): warning CS0105: The using directive for 'Booking.Application.Features.SeatCategories.Common' appeared previously in this namespace [C:\Users\Borna\Desktop\Project\ProductionGradeETicketBooking\ETicketBooking\Src\Services\Booking\Booking.Application\Booking.Application.csproj]
C:\Users\Borna\Desktop\Project\ProductionGradeETicketBooking\ETicketBooking\Src\Services\Booking\Booking.Application\Features\SeatCategories\Commands\ApplyDiscountCommand\ApplyDiscountCommandHandler.cs(6,21): error CS0311: The type 'Booking.Application.Features.SeatCategories.Commands.ApplyDiscountCommand.ApplyDiscountCommand' cannot be used as type parameter 'TRequest' in the generic type or method 'IRequestHandler<TRequest, TResponse>'. There is no implicit reference conversion from 'Booking.Application.Features.SeatCategories.Commands.ApplyDiscountCommand.ApplyDiscountCommand' to 'Mediator.IRequest<Shared.Kernel.Domain.Abstractions.Response<Booking.Application.Features.SeatCategories.Common.SeatCategoryResponse>>'. [C:\Users\Borna\Desktop\Project\ProductionGradeETicketBooking\ETicketBooking\Src\Services\Booking\Booking.Application\Booking.Application.csproj]
C:\Users\Borna\Desktop\Project\ProductionGradeETicketBooking\ETicketBooking\Src\Services\Booking\Booking.Application\Features\SeatCategories\Commands\CreateSeatCategory\CreateSeatCategoryCommandHandler.cs(7,21): error CS0311: The type 'Booking.Application.Features.SeatCategories.Commands.CreateSeatCategory.CreateSeatCategoryCommand' cannot be used as type parameter 'TRequest' in the generic type or method 'IRequestHandler<TRequest, TResponse>'. There is no implicit reference conversion from 'Booking.Application.Features.SeatCategories.Commands.CreateSeatCategory.CreateSeatCategoryCommand' to 'Mediator.IRequest<Shared.Kernel.Domain.Abstractions.Response<Booking.Application.Features.SeatCategories.Common.SeatCategoryResponse>>'. [C:\Users\Borna\Desktop\Project\ProductionGradeETicketBooking\ETicketBooking\Src\Services\Booking\Booking.Application\Booking.Application.csproj]
C:\Users\Borna\Desktop\Project\ProductionGradeETicketBooking\ETicketBooking\Src\Services\Booking\Booking.Application\Features\SeatCategories\Commands\UpdateBasePriceCommand\UpdateBasePriceCommandHandler.cs(6,21): error CS0311: The type 'Booking.Application.Features.SeatCategories.Commands.UpdateBasePriceCommand.UpdateBasePriceCommand' cannot be used as type parameter 'TRequest' in the generic type or method 'IRequestHandler<TRequest, TResponse>'. There is no implicit reference conversion from 'Booking.Application.Features.SeatCategories.Commands.UpdateBasePriceCommand.UpdateBasePriceCommand' to 'Mediator.IRequest<Shared.Kernel.Domain.Abstractions.Response<Booking.Application.Features.SeatCategories.Common.SeatCategoryResponse>>'. [C:\Users\Borna\Desktop\Project\ProductionGradeETicketBooking\ETicketBooking\Src\Services\Booking\Booking.Application\Booking.Application.csproj]
C:\Users\Borna\Desktop\Project\ProductionGradeETicketBooking\ETicketBooking\Src\Services\Booking\Booking.Application\Features\SeatCategories\Queries\GetAllSeatCategories\GetAllSeatCategoriesQueryHandler.cs(6,21): error CS0311: The type 'Booking.Application.Features.SeatCategories.Queries.GetAllSeatCategories.GetAllSeatCategoriesQuery' cannot be used as type parameter 'TRequest' in the generic type or method 'IRequestHandler<TRequest, TResponse>'. There is no implicit reference conversion from 'Booking.Application.Features.SeatCategories.Queries.GetAllSeatCategories.GetAllSeatCategoriesQuery' to 'Mediator.IRequest<Shared.Kernel.Domain.Abstractions.Response<System.Collections.Generic.List<Booking.Application.Features.SeatCategories.Common.SeatCategoryResponse>>>'. [C:\Users\Borna\Desktop\Project\ProductionGradeETicketBooking\ETicketBooking\Src\Services\Booking\Booking.Application\Booking.Application.csproj]
C:\Users\Borna\Desktop\Project\ProductionGradeETicketBooking\ETicketBooking\Src\Services\Booking\Booking.Application\Features\SeatCategories\Queries\GetSeatCategoryById\GetSeatCategoryByIdQueryHandler.cs(6,21): error CS0311: The type 'Booking.Application.Features.SeatCategories.Queries.GetSeatCategoryById.GetSeatCategoryByIdQuery' cannot be used as type parameter 'TRequest' in the generic type or method 'IRequestHandler<TRequest, TResponse>'. There is no implicit reference conversion from 'Booking.Application.Features.SeatCategories.Queries.GetSeatCategoryById.GetSeatCategoryByIdQuery' to 'Mediator.IRequest<Shared.Kernel.Domain.Abstractions.Response<Booking.Application.Features.SeatCategories.Common.SeatCategoryResponse>>'. [C:\Users\Borna\Desktop\Project\ProductionGradeETicketBooking\ETicketBooking\Src\Services\Booking\Booking.Application\Booking.Application.csproj]
    1 Warning(s)
    5 Error(s)

Time Elapsed 00:00:02.10
